<?xml version="1.0" encoding="utf-8"?>
<TestRun id="8cdb5bad-5389-459a-824a-513b00e201ee" name="runneradmin@runnervmr7g38 2026-07-16 01:25:35.1339353" xmlns="http://microsoft.com/schemas/VisualStudio/TeamTest/2010">
  <Times creation="2026-07-16T01:25:34.0729723Z" queuing="2026-07-16T01:25:34.0729723Z" start="2026-07-16T01:25:34.0729723Z" finish="2026-07-16T01:25:35.1778877Z" />
  <TestSettings name="default" id="bf8a0a83-417d-49f9-9b5b-ce2793fc8b8d">
    <Deployment runDeploymentRoot="runneradmin_runnervmr7g38_2026-07-16_01_25_35.1339353" />
  </TestSettings>
  <Results>
    <UnitTestResult executionId="38be1daf-6e5a-4ee9-9ae3-0fa4474a0d8f" testId="1063d585-68c2-892d-8829-4f0adade1720" testName="TestAssembly_ShouldHaveExpectedName" computerName="runnervmr7g38" duration="00:00:00.0184607" startTime="2026-07-16T01:25:35.0405048+00:00" endTime="2026-07-16T01:25:35.1003076+00:00" testType="13CDC9D9-DDB5-4fa4-A97D-D965CCFC6D4B" outcome="Passed" testListId="8C84FA94-04C1-424b-9868-57A2D4851A1D" relativeResultsDirectory="38be1daf-6e5a-4ee9-9ae3-0fa4474a0d8f" />
  </Results>
  <TestDefinitions>
    <UnitTest name="TestAssembly_ShouldHaveExpectedName" storage="d:\a\ibm-granite-edge-ai-optimisation-using-turboquant\ibm-granite-edge-ai-optimisation-using-turboquant\tests\unittests\graniteedgeai.unittests\bin\release\net8.0\graniteedgeai.unittests.dll" id="1063d585-68c2-892d-8829-4f0adade1720">
      <Execution id="38be1daf-6e5a-4ee9-9ae3-0fa4474a0d8f" />
      <TestMethod codeBase="D:\a\IBM-Granite-Edge-AI-Optimisation-using-TurboQuant\IBM-Granite-Edge-AI-Optimisation-using-TurboQuant\tests\UnitTests\GraniteEdgeAI.UnitTests\bin\Release\net8.0\GraniteEdgeAI.UnitTests.dll" adapterTypeName="executor://MSTest.Sdk/4.0.2" className="GraniteEdgeAI.UnitTests.TestingFoundationSmokeTests" name="TestAssembly_ShouldHaveExpectedName" />
    </UnitTest>
  </TestDefinitions>
  <TestEntries>
    <TestEntry testId="1063d585-68c2-892d-8829-4f0adade1720" executionId="38be1daf-6e5a-4ee9-9ae3-0fa4474a0d8f" testListId="8C84FA94-04C1-424b-9868-57A2D4851A1D" />
  </TestEntries>
  <TestLists>
    <TestList name="Results Not in a List" id="8C84FA94-04C1-424b-9868-57A2D4851A1D" />
    <TestList name="All Loaded Results" id="19431567-8539-422a-85d7-44ee4e166bda" />
  </TestLists>
  <ResultSummary outcome="Completed">
    <Counters total="1" executed="1" passed="1" failed="0" error="0" timeout="0" aborted="0" inconclusive="0" passedButRunAborted="0" notRunnable="0" notExecuted="0" disconnected="0" warning="0" completed="0" inProgress="0" pending="0" />
  </ResultSummary>
</TestRun>