test_flag_only_claim_is_rejected (scripts.testing.tests.test_animehacker_activation.AnimehackerActivationTests.test_flag_only_claim_is_rejected) ... ok
test_sycl_requires_device_and_offload_proof (scripts.testing.tests.test_animehacker_activation.AnimehackerActivationTests.test_sycl_requires_device_and_offload_proof) ... ok
test_tq_requires_exact_flags_and_runtime_allocation (scripts.testing.tests.test_animehacker_activation.AnimehackerActivationTests.test_tq_requires_exact_flags_and_runtime_allocation) ... ok
test_ctest_summary_requires_zero_failed_tests (scripts.testing.tests.test_animehacker_build_reconcile.AnimehackerBuildReconcileTests.test_ctest_summary_requires_zero_failed_tests) ... ok
test_required_binaries_must_exist_and_are_hashed (scripts.testing.tests.test_animehacker_build_reconcile.AnimehackerBuildReconcileTests.test_required_binaries_must_exist_and_are_hashed) ... ok
test_ah10_requires_level_zero_device_evidence (scripts.testing.tests.test_animehacker_large_host.AnimehackerLargeHostTests.test_ah10_requires_level_zero_device_evidence) ... ok
test_cpu_only_selection_does_not_require_level_zero (scripts.testing.tests.test_animehacker_large_host.AnimehackerLargeHostTests.test_cpu_only_selection_does_not_require_level_zero) ... ok
test_execute_is_serial_and_stops_after_nonzero_phase (scripts.testing.tests.test_animehacker_large_host.AnimehackerLargeHostTests.test_execute_is_serial_and_stops_after_nonzero_phase) ... ok
test_launcher_restricts_selection_to_frozen_incomplete_rows (scripts.testing.tests.test_animehacker_large_host.AnimehackerLargeHostTests.test_launcher_restricts_selection_to_frozen_incomplete_rows) ... ok
test_manifest_is_created_exclusively (scripts.testing.tests.test_animehacker_large_host.AnimehackerLargeHostTests.test_manifest_is_created_exclusively) ... ok
test_operator_guide_preserves_safety_and_evidence_contract (scripts.testing.tests.test_animehacker_large_host.AnimehackerLargeHostTests.test_operator_guide_preserves_safety_and_evidence_contract) ... ok
test_preflight_accepts_32_gib_with_all_evidence (scripts.testing.tests.test_animehacker_large_host.AnimehackerLargeHostTests.test_preflight_accepts_32_gib_with_all_evidence) ... ok
test_preflight_names_missing_required_file (scripts.testing.tests.test_animehacker_large_host.AnimehackerLargeHostTests.test_preflight_names_missing_required_file) ... ok
test_preflight_rejects_active_llama_or_controller_process (scripts.testing.tests.test_animehacker_large_host.AnimehackerLargeHostTests.test_preflight_rejects_active_llama_or_controller_process) ... ok
test_preflight_rejects_less_than_32_gib (scripts.testing.tests.test_animehacker_large_host.AnimehackerLargeHostTests.test_preflight_rejects_less_than_32_gib) ... ok
test_quality_command_uses_same_runtime_and_run_scoped_quality_roots (scripts.testing.tests.test_animehacker_large_host.AnimehackerLargeHostTests.test_quality_command_uses_same_runtime_and_run_scoped_quality_roots) ... ok
test_run_roots_increment_without_collision (scripts.testing.tests.test_animehacker_large_host.AnimehackerLargeHostTests.test_run_roots_increment_without_collision) ... ok
test_runtime_command_keeps_guard_and_2048_mib_floor (scripts.testing.tests.test_animehacker_large_host.AnimehackerLargeHostTests.test_runtime_command_keeps_guard_and_2048_mib_floor) ... ok
test_terminal_validator_accepts_complete_measurement_and_quality (scripts.testing.tests.test_animehacker_large_host.AnimehackerLargeHostTests.test_terminal_validator_accepts_complete_measurement_and_quality) ... ok
test_terminal_validator_rejects_every_required_evidence_family (scripts.testing.tests.test_animehacker_large_host.AnimehackerLargeHostTests.test_terminal_validator_rejects_every_required_evidence_family) ... ok
test_all_8b_runtime_rows_are_memory_guarded (scripts.testing.tests.test_animehacker_matrix.AnimehackerMatrixTests.test_all_8b_runtime_rows_are_memory_guarded) ... ok
test_checkpoint_replaces_state_atomically_and_rejects_unknown_status (scripts.testing.tests.test_animehacker_matrix.AnimehackerMatrixTests.test_checkpoint_replaces_state_atomically_and_rejects_unknown_status) ... ok
test_controlled_gpu_rows_use_sycl_partial (scripts.testing.tests.test_animehacker_matrix.AnimehackerMatrixTests.test_controlled_gpu_rows_use_sycl_partial) ... ok
test_duplicate_ids_are_rejected (scripts.testing.tests.test_animehacker_matrix.AnimehackerMatrixTests.test_duplicate_ids_are_rejected) ... ok
test_manifest_contains_every_controlled_workbook_case_once (scripts.testing.tests.test_animehacker_matrix.AnimehackerMatrixTests.test_manifest_contains_every_controlled_workbook_case_once) ... ok
test_runtime_rows_require_complete_measurements_and_quality (scripts.testing.tests.test_animehacker_matrix.AnimehackerMatrixTests.test_runtime_rows_require_complete_measurements_and_quality) ... ok
test_tq3_rows_require_runtime_activation_proof (scripts.testing.tests.test_animehacker_matrix.AnimehackerMatrixTests.test_tq3_rows_require_runtime_activation_proof) ... ok
test_unknown_backend_status_and_guard_are_rejected (scripts.testing.tests.test_animehacker_matrix.AnimehackerMatrixTests.test_unknown_backend_status_and_guard_are_rejected) ... ok
test_precision_label_does_not_change_score (scripts.testing.tests.test_animehacker_quality.AnimehackerQualityTests.test_precision_label_does_not_change_score) ... ok
test_structural_failure_caps_score_harshly (scripts.testing.tests.test_animehacker_quality.AnimehackerQualityTests.test_structural_failure_caps_score_harshly) ... ok
test_ah10_accepts_sourced_schema_v2_memory_gate_without_quality (scripts.testing.tests.test_animehacker_reconcile.AnimehackerReconcileTests.test_ah10_accepts_sourced_schema_v2_memory_gate_without_quality) ... ok
test_finalizer_direct_cli_resolves_reconciliation_validator (scripts.testing.tests.test_animehacker_reconcile.AnimehackerReconcileTests.test_finalizer_direct_cli_resolves_reconciliation_validator) ... ok
test_finalizer_refuses_unvalidated_recovery_state (scripts.testing.tests.test_animehacker_reconcile.AnimehackerReconcileTests.test_finalizer_refuses_unvalidated_recovery_state) ... ok
test_recovered_ah09_requires_three_samples_and_six_quality_records (scripts.testing.tests.test_animehacker_reconcile.AnimehackerReconcileTests.test_recovered_ah09_requires_three_samples_and_six_quality_records) ... ok
test_rejects_blank_and_literal_na_cells (scripts.testing.tests.test_animehacker_reconcile.AnimehackerReconcileTests.test_rejects_blank_and_literal_na_cells) ... ok
test_rejects_fabricated_ah10_summary_or_quality (scripts.testing.tests.test_animehacker_reconcile.AnimehackerReconcileTests.test_rejects_fabricated_ah10_summary_or_quality) ... ok
test_rejects_gpu_kv_or_wrong_offload_activation (scripts.testing.tests.test_animehacker_reconcile.AnimehackerReconcileTests.test_rejects_gpu_kv_or_wrong_offload_activation) ... ok
test_rejects_missing_ah09_metric_or_utilization (scripts.testing.tests.test_animehacker_reconcile.AnimehackerReconcileTests.test_rejects_missing_ah09_metric_or_utilization) ... ok
test_rejects_nonzero_ah10_cleanup_process_counts (scripts.testing.tests.test_animehacker_reconcile.AnimehackerReconcileTests.test_rejects_nonzero_ah10_cleanup_process_counts) ... ok
test_rejects_successful_non_safety_ah10 (scripts.testing.tests.test_animehacker_reconcile.AnimehackerReconcileTests.test_rejects_successful_non_safety_ah10) ... ok
test_rejects_workbook_without_committed_ah09_mean (scripts.testing.tests.test_animehacker_reconcile.AnimehackerReconcileTests.test_rejects_workbook_without_committed_ah09_mean) ... ok
test_rejects_wrong_ah09_aggregate_metric (scripts.testing.tests.test_animehacker_reconcile.AnimehackerReconcileTests.test_rejects_wrong_ah09_aggregate_metric) ... ok
test_rejects_wrong_ah09_quality_mean (scripts.testing.tests.test_animehacker_reconcile.AnimehackerReconcileTests.test_rejects_wrong_ah09_quality_mean) ... ok
test_requires_every_controlled_id (scripts.testing.tests.test_animehacker_reconcile.AnimehackerReconcileTests.test_requires_every_controlled_id) ... ok
test_workbook_rejects_stale_recovered_backend_or_ah10_measurement (scripts.testing.tests.test_animehacker_reconcile.AnimehackerReconcileTests.test_workbook_rejects_stale_recovered_backend_or_ah10_measurement) ... ok
test_workbook_requires_recovered_level_zero_backend_and_final_ah10_values (scripts.testing.tests.test_animehacker_reconcile.AnimehackerReconcileTests.test_workbook_requires_recovered_level_zero_backend_and_final_ah10_values) ... ok
test_command_has_exact_cache_backend_and_safety_flags (scripts.testing.tests.test_animehacker_runner.AnimehackerRunnerTests.test_command_has_exact_cache_backend_and_safety_flags) ... ok
test_cpu_runtime_prompt_is_unchanged (scripts.testing.tests.test_animehacker_runner.AnimehackerRunnerTests.test_cpu_runtime_prompt_is_unchanged) ... ok
test_existing_quality_rows_do_not_require_runtime_summary (scripts.testing.tests.test_animehacker_runner.AnimehackerRunnerTests.test_existing_quality_rows_do_not_require_runtime_summary) ... ok
test_large_host_cpu_rows_require_runtime_summary_file (scripts.testing.tests.test_animehacker_runner.AnimehackerRunnerTests.test_large_host_cpu_rows_require_runtime_summary_file) ... ok
test_non_tq_sycl_retains_forced_flash_attention_off (scripts.testing.tests.test_animehacker_runner.AnimehackerRunnerTests.test_non_tq_sycl_retains_forced_flash_attention_off) ... ok
test_quality_selection_accepts_recovered_rows (scripts.testing.tests.test_animehacker_runner.AnimehackerRunnerTests.test_quality_selection_accepts_recovered_rows) ... ok
test_recovered_quality_accepts_complete_three_sample_runtime_summary (scripts.testing.tests.test_animehacker_runner.AnimehackerRunnerTests.test_recovered_quality_accepts_complete_three_sample_runtime_summary) ... ok
test_recovered_quality_preflight_permits_valid_runtime_summary (scripts.testing.tests.test_animehacker_runner.AnimehackerRunnerTests.test_recovered_quality_preflight_permits_valid_runtime_summary) ... ok
test_recovered_quality_rejects_invalid_runtime_summary (scripts.testing.tests.test_animehacker_runner.AnimehackerRunnerTests.test_recovered_quality_rejects_invalid_runtime_summary) ... ok
test_recovered_quality_rejects_missing_runtime_summary (scripts.testing.tests.test_animehacker_runner.AnimehackerRunnerTests.test_recovered_quality_rejects_missing_runtime_summary) ... ok
test_recovered_quality_requires_runtime_summary_file (scripts.testing.tests.test_animehacker_runner.AnimehackerRunnerTests.test_recovered_quality_requires_runtime_summary_file) ... ok
test_runtime_environment_distinguishes_tq3_from_non_tq3_sycl (scripts.testing.tests.test_animehacker_runner.AnimehackerRunnerTests.test_runtime_environment_distinguishes_tq3_from_non_tq3_sycl) ... ok
test_selection_resumes_only_reconciled_rows (scripts.testing.tests.test_animehacker_runner.AnimehackerRunnerTests.test_selection_resumes_only_reconciled_rows) ... ok
test_tq_sycl_runtime_prompt_uses_granite_role_tokens (scripts.testing.tests.test_animehacker_runner.AnimehackerRunnerTests.test_tq_sycl_runtime_prompt_uses_granite_role_tokens) ... ok
test_tq_sycl_uses_proven_level_zero_partial_offload_flags (scripts.testing.tests.test_animehacker_runner.AnimehackerRunnerTests.test_tq_sycl_uses_proven_level_zero_partial_offload_flags) ... ok
test_unique_run_ids_survive_interrupted_attempts (scripts.testing.tests.test_animehacker_runner.AnimehackerRunnerTests.test_unique_run_ids_survive_interrupted_attempts) ... ok
test_backend_support_requires_tq3_specific_backend_code (scripts.testing.tests.test_animehacker_source_audit.AnimehackerSourceAuditTests.test_backend_support_requires_tq3_specific_backend_code) ... ok
test_limitations_report_is_explicit_about_unproven_routes (scripts.testing.tests.test_animehacker_source_audit.AnimehackerSourceAuditTests.test_limitations_report_is_explicit_about_unproven_routes) ... ok
test_qjl_is_not_claimed_from_comments_or_struct_field_names (scripts.testing.tests.test_animehacker_source_audit.AnimehackerSourceAuditTests.test_qjl_is_not_claimed_from_comments_or_struct_field_names) ... ok
test_readme_or_flag_strings_do_not_prove_implementation (scripts.testing.tests.test_animehacker_source_audit.AnimehackerSourceAuditTests.test_readme_or_flag_strings_do_not_prove_implementation) ... ok
test_type_registration_and_cpu_functions_prove_cpu_implementation (scripts.testing.tests.test_animehacker_source_audit.AnimehackerSourceAuditTests.test_type_registration_and_cpu_functions_prove_cpu_implementation) ... ok
test_checkpoint_replaces_state_atomically_and_loads_it (scripts.testing.tests.test_atomicbot_matrix.AtomicBotMatrixTests.test_checkpoint_replaces_state_atomically_and_loads_it) ... ok
test_checkpoint_status_is_strict (scripts.testing.tests.test_atomicbot_matrix.AtomicBotMatrixTests.test_checkpoint_status_is_strict) ... ok
test_duplicate_ids_are_rejected (scripts.testing.tests.test_atomicbot_matrix.AtomicBotMatrixTests.test_duplicate_ids_are_rejected) ... ok
test_manifest_contains_every_controlled_workbook_case_once (scripts.testing.tests.test_atomicbot_matrix.AtomicBotMatrixTests.test_manifest_contains_every_controlled_workbook_case_once) ... ok
test_only_guarded_high_memory_cases_use_memory_guard (scripts.testing.tests.test_atomicbot_matrix.AtomicBotMatrixTests.test_only_guarded_high_memory_cases_use_memory_guard) ... ok
test_unknown_backend_and_guard_are_rejected (scripts.testing.tests.test_atomicbot_matrix.AtomicBotMatrixTests.test_unknown_backend_and_guard_are_rejected) ... ok
test_aggregate_reports_median_and_range (scripts.testing.tests.test_atomicbot_metrics.AtomicBotMetricTests.test_aggregate_reports_median_and_range) ... ok
test_ambiguous_timing_invalidates_sample (scripts.testing.tests.test_atomicbot_metrics.AtomicBotMetricTests.test_ambiguous_timing_invalidates_sample) ... ok
test_gpu_memory_is_explicitly_unavailable_without_collector (scripts.testing.tests.test_atomicbot_metrics.AtomicBotMetricTests.test_gpu_memory_is_explicitly_unavailable_without_collector) ... ok
test_memory_gate_checks_physical_and_commit_headroom (scripts.testing.tests.test_atomicbot_metrics.AtomicBotMetricTests.test_memory_gate_checks_physical_and_commit_headroom) ... ok
test_parses_compact_atomicbot_timing (scripts.testing.tests.test_atomicbot_metrics.AtomicBotMetricTests.test_parses_compact_atomicbot_timing) ... ok
test_server_collector_labels_working_set_private_and_available_ram (scripts.testing.tests.test_atomicbot_metrics.AtomicBotMetricTests.test_server_collector_labels_working_set_private_and_available_ram) ... ok
test_server_collector_timestamps_token_with_empty_decoded_content (scripts.testing.tests.test_atomicbot_metrics.AtomicBotMetricTests.test_server_collector_timestamps_token_with_empty_decoded_content) ... ok
test_deterministic_failure_and_critical_cap_are_enforced (scripts.testing.tests.test_atomicbot_quality.AtomicBotQualityTests.test_deterministic_failure_and_critical_cap_are_enforced) ... ok
test_perplexity_fixture_requires_matching_hash (scripts.testing.tests.test_atomicbot_quality.AtomicBotQualityTests.test_perplexity_fixture_requires_matching_hash) ... ok
test_score_depends_on_evidence_not_format_label (scripts.testing.tests.test_atomicbot_quality.AtomicBotQualityTests.test_score_depends_on_evidence_not_format_label) ... ok
test_allowed_nonmeasurement_status_requires_reason_and_evidence (scripts.testing.tests.test_atomicbot_reconcile.AtomicBotReconcileTests.test_allowed_nonmeasurement_status_requires_reason_and_evidence) ... ok
test_blank_placeholder_and_sourceless_measurement_fail (scripts.testing.tests.test_atomicbot_reconcile.AtomicBotReconcileTests.test_blank_placeholder_and_sourceless_measurement_fail) ... ok
test_every_required_field_needs_value_status_and_source (scripts.testing.tests.test_atomicbot_reconcile.AtomicBotReconcileTests.test_every_required_field_needs_value_status_and_source) ... ok
test_cli_dry_run_launches_no_runtime_and_lists_exact_selection (scripts.testing.tests.test_atomicbot_runner.AtomicBotRunnerTests.test_cli_dry_run_launches_no_runtime_and_lists_exact_selection) ... ok
test_completed_attempt_requires_replace_flag (scripts.testing.tests.test_atomicbot_runner.AtomicBotRunnerTests.test_completed_attempt_requires_replace_flag) ... ok
test_resume_skips_only_reconciled_complete_rows (scripts.testing.tests.test_atomicbot_runner.AtomicBotRunnerTests.test_resume_skips_only_reconciled_complete_rows) ... ok
test_run_ids_increment_without_collision (scripts.testing.tests.test_atomicbot_runner.AtomicBotRunnerTests.test_run_ids_increment_without_collision) ... ok
test_select_cases_supports_only_from_and_skip (scripts.testing.tests.test_atomicbot_runner.AtomicBotRunnerTests.test_select_cases_supports_only_from_and_skip) ... ok
test_server_command_uses_case_cache_context_and_backend (scripts.testing.tests.test_atomicbot_runner.AtomicBotRunnerTests.test_server_command_uses_case_cache_context_and_backend) ... ok
test_server_metric_resume_reuses_only_valid_measurement (scripts.testing.tests.test_atomicbot_runner.AtomicBotRunnerTests.test_server_metric_resume_reuses_only_valid_measurement) ... ok
test_timed_command_kills_process_tree (scripts.testing.tests.test_atomicbot_runner.AtomicBotRunnerTests.test_timed_command_kills_process_tree) ... ok
test_formal_aggregate_keeps_bounds_and_source_count (scripts.testing.tests.test_atomicbot_utilization.AtomicBotUtilizationTests.test_formal_aggregate_keeps_bounds_and_source_count) ... ok
test_reader_captures_gpu_memory_when_collector_supplies_it (scripts.testing.tests.test_atomicbot_utilization.AtomicBotUtilizationTests.test_reader_captures_gpu_memory_when_collector_supplies_it) ... ok
test_reader_ignores_invalid_rows (scripts.testing.tests.test_atomicbot_utilization.AtomicBotUtilizationTests.test_reader_ignores_invalid_rows) ... ok
test_reconciliation_rejects_missing_gpu_mean (scripts.testing.tests.test_atomicbot_utilization.AtomicBotUtilizationTests.test_reconciliation_rejects_missing_gpu_mean) ... ok
test_summary_does_not_invent_missing_samples (scripts.testing.tests.test_atomicbot_utilization.AtomicBotUtilizationTests.test_summary_does_not_invent_missing_samples) ... ok
test_summary_reports_mean_median_peak_and_count (scripts.testing.tests.test_atomicbot_utilization.AtomicBotUtilizationTests.test_summary_reports_mean_median_peak_and_count) ... ok
test_deduplicates_repeated_llama_kv_layer_groups (scripts.testing.tests.test_parse_llama_measurement.MeasurementParserTests.test_deduplicates_repeated_llama_kv_layer_groups) ... ok
test_launcher_accepts_utf8_bom_environment_json (scripts.testing.tests.test_parse_llama_measurement.MeasurementParserTests.test_launcher_accepts_utf8_bom_environment_json) ... ok
test_launcher_can_measure_first_non_whitespace_byte_after_marker (scripts.testing.tests.test_parse_llama_measurement.MeasurementParserTests.test_launcher_can_measure_first_non_whitespace_byte_after_marker) ... ok
test_launcher_captures_real_memory_kv_and_first_byte (scripts.testing.tests.test_parse_llama_measurement.MeasurementParserTests.test_launcher_captures_real_memory_kv_and_first_byte) ... ok
test_median_rejects_invalid_or_wrong_sample_count (scripts.testing.tests.test_parse_llama_measurement.MeasurementParserTests.test_median_rejects_invalid_or_wrong_sample_count) ... ok
test_median_uses_three_valid_samples (scripts.testing.tests.test_parse_llama_measurement.MeasurementParserTests.test_median_uses_three_valid_samples) ... ok
test_missing_required_signal_invalidates_sample (scripts.testing.tests.test_parse_llama_measurement.MeasurementParserTests.test_missing_required_signal_invalidates_sample) ... ok
test_process_tree_snapshot_contains_current_process (scripts.testing.tests.test_parse_llama_measurement.MeasurementParserTests.test_process_tree_snapshot_contains_current_process) ... ok
test_server_collector_measures_request_to_first_token (scripts.testing.tests.test_parse_llama_measurement.MeasurementParserTests.test_server_collector_measures_request_to_first_token) ... ok
test_summarizes_peak_kv_and_ttft (scripts.testing.tests.test_parse_llama_measurement.MeasurementParserTests.test_summarizes_peak_kv_and_ttft) ... ok
test_sums_multiple_runtime_kv_allocations_without_double_counting (scripts.testing.tests.test_parse_llama_measurement.MeasurementParserTests.test_sums_multiple_runtime_kv_allocations_without_double_counting) ... ok

----------------------------------------------------------------------
Ran 111 tests in 19.155s

OK
